D:\GIT\JavaLaborWork\Lab9\src\main\java\fit\bstu\Lab9\GetLoginPage.java
D:\GIT\JavaLaborWork\Lab9\src\main\java\fit\bstu\Lab9\Servlets\RegistrationServlet.java
D:\GIT\JavaLaborWork\Lab9\src\main\java\fit\bstu\Lab9\GetBaseInfoPage.java
D:\GIT\JavaLaborWork\Lab9\src\main\java\fit\bstu\Lab9\filters\LogFilter.java
D:\GIT\JavaLaborWork\Lab9\src\main\java\fit\bstu\Lab9\HelloServlet.java
D:\GIT\JavaLaborWork\Lab9\src\main\java\fit\bstu\Lab9\Servlets\ContextListenir.java
D:\GIT\JavaLaborWork\Lab9\src\main\java\fit\bstu\Lab9\HelloResource.java
D:\GIT\JavaLaborWork\Lab9\src\main\java\fit\bstu\Lab9\DB\User.java
D:\GIT\JavaLaborWork\Lab9\src\main\java\fit\bstu\Lab9\DB\UniwerDAO.java
D:\GIT\JavaLaborWork\Lab9\src\main\java\fit\bstu\Lab9\DB\UserService.java
D:\GIT\JavaLaborWork\Lab9\src\main\java\fit\bstu\Lab9\HelloApplication.java
D:\GIT\JavaLaborWork\Lab9\src\main\java\fit\bstu\Lab9\DB\IConnector.java
D:\GIT\JavaLaborWork\Lab9\src\main\java\fit\bstu\Lab9\Classes\Hasher.java
D:\GIT\JavaLaborWork\Lab9\src\main\java\fit\bstu\Lab9\GetRegistrePage.java
D:\GIT\JavaLaborWork\Lab9\src\main\java\fit\bstu\Lab9\Servlets\HomeServlet.java
D:\GIT\JavaLaborWork\Lab9\src\main\java\fit\bstu\Lab9\Classes\Cookies.java
D:\GIT\JavaLaborWork\Lab9\src\main\java\fit\bstu\Lab9\Servlets\secondServlet.java
D:\GIT\JavaLaborWork\Lab9\src\main\java\fit\bstu\Lab9\Servlets\LoginServlet.java
D:\GIT\JavaLaborWork\Lab9\src\main\java\fit\bstu\Lab9\Servlets\BaseInfoServlet.java
D:\GIT\JavaLaborWork\Lab9\src\main\java\fit\bstu\Lab9\Servlets\DelUniServlet.java
D:\GIT\JavaLaborWork\Lab9\src\main\java\fit\bstu\Lab9\Servlets\FirstServlet.java
D:\GIT\JavaLaborWork\Lab9\src\main\java\fit\bstu\Lab9\DB\UniwerService.java
D:\GIT\JavaLaborWork\Lab9\src\main\java\fit\bstu\Lab9\DB\Uniwer.java
D:\GIT\JavaLaborWork\Lab9\src\main\java\fit\bstu\Lab9\filters\ResultLoginFilter.java
D:\GIT\JavaLaborWork\Lab9\src\main\java\fit\bstu\Lab9\Servlets\AddUniServlet.java
D:\GIT\JavaLaborWork\Lab9\src\main\java\fit\bstu\Lab9\DB\UserDAO.java
D:\GIT\JavaLaborWork\Lab9\src\main\java\fit\bstu\Lab9\GetHelloServlet.java
